---
source: src/config.rs
expression: config
---
cache_dir: root/.tool-tool/v1
tools:
  - name: lsd
    version: 0.17.0
    download:
      default: ~
      linux: "https://github.com/Peltoche/lsd/releases/download/0.17.0/lsd-0.17.0-x86_64-unknown-linux-gnu.tar.gz"
      windows: "https://github.com/Peltoche/lsd/releases/download/0.17.0/lsd-0.17.0-x86_64-pc-windows-msvc.zip"
    commands:
      lsd: "${dir}/lsd"
    env: {}
    strip_directories: 1
configuration_files:
  - root/foo.yaml
