---
source: src/config.rs
expression: config
---
cache_dir: root/.tool-tool/v1
tools:
  - name: xyz
    version: 0.17.0
    download:
      default: "https://default.tar.gz"
      linux: ~
      windows: "https://windows.tar.gz"
    commands:
      fizz: "${dir}/buzz"
      foo: "${dir}/bar"
    env: {}
    strip_directories: 0
configuration_files:
  - root/foo.yaml
